[   0.000000] Inialinggroup ubyscpset   0.000000] Initializing cgro ssy cpu[   0.000000] Initializing cgrp bsys cpuacct
[  00000] Linux versn .4.0-109-generic (buddgw1-am4-8) (c rson 5.001609 buntu 5.4.0-6ubuntu1~16.04.5) ) #132-Ubuntu SMP Tue Jan 9 19:52:39 UTC 2018 (Ubuntu 4.4.0-109.132-generic 4.4.98)
[    0.000000] Command line: BOOT_IMAGE=/boot/vmlinuz-4.4.0-109-generic root=LABEL=cloudimg-rootfs ro console=tty1 console=ttyS0
[    0.000000] KERNEL supported cpus:
[    0.000000]   Intel GenuineIntel
[    0.000000]   AMD AuthenticAMD
[    0.000000]   Centaur CentaurHauls
[    0.000000] x86/fpu: xstate_offset[2]:  576, xstate_sizes[2]:  256
[    0.000000] x86/fpu: Supporting XSAVE feature 0x01: 'x87 floating point registers'
[    0.00000] 86/f: pporting XSAVE ftu 002: SEegisrs
[   0000] x/f: uppoinXSAVfeure 0x04: 'AVX risrs'
[  0.0000x8fpu: Enabled xste atres 7,onte se s 83bys, ungstandard' format.
[    0.000000] x86/fpu: Using 'lazy' FPU context switches.
[    0.000000] e820: BIOS-provided physical RAM map:
[    0.000000] BIOS-e820: [mem 0x0000000000000000-0x000000000009fbff] usable
[    0.000000] BIOS-e820: [mem 0x000000000009fc00-0x000000000009ffff] reserved
[    0.000000] BIOS-e820: [mem 0x00000000000f0000-0x00000000000fffff] reserved
[    0.000000] BIOS-e820: [mem 0x0000000000100000-0x000000007ffeffff] usable
[    0.000000] BIOS-e820: [mem 0x000000007fff0000-0x000000007fffffff] ACPI data
[    0.000000] BIOS-e820: [mem 0x00000000fffc0000-0x00000000ffffffff] reserved
[    0.000000] NX (Execute Disable) protection: active
[    0.000000] SMBIOS 2.5 present.
[    0.000000] Hypervisor detected: KVM
[    0.000000] e820: last_pfn = 0x7fff0 max_arch_pfn = 0x400000000
[    0.000000] MTRR: Disabled
[    0.000000] x86/PAT: MTRRs disabled, skipping PAT initialization too.
[    0.000000] CPU MTRRs all blank -- virtualized system.
[    0.000000] x86/PAT: Configuration [0-7]: WB  WT  UC- UC  WB  WT  UC- UC  
[    0.000000] found SMP MP-table at [mem 0x0009fff0-0x0009ffff] mapped at [ffff88000009fff0]
[    0.000000] Scanning 1 areas for low memory corruption
[    0.000000] RAMDISK: [mem 0x36adc000-0x37565fff]
[   .000] AC: rly blchecksum verificiodisabled
[   0.000000] AC: DP0x000000000E00 0024 02BOX  )
[  0.000 ACP XT x00000FFF00 00C (v VX   OXDT 00000001 ASL  00000061)
[    0.0000 APIFA 0000000FF00 00F4 (v VX   OXCP000001SL  0061
[  00000] ACPI: DSDT 0x000000007F00 002118 (v01 VB  BOXBIOS 00000002NT20160108)
[    0000] ACPI: FACS 0x000000007FFF0200 000040
[    0.000000] ACPI: FACS 0x000000007FFF0200 000040
[    0.000000] ACPI: APIC 0x000000007FFF0240 00005C (v02 VBOX   VBOXAPIC 00000001 ASL  00000061)
[    0.000000] ACPI: SSDT 0x000000007FFF02A0 0001CC (v01 VBOX   VBOXCPUT 00000002 INTL 20160108)
[    0.000000] No NUMA configuration found
[    0.000000] Faking a node at [mem 0x0000000000000000-0x000000007ffeffff]
[    0.000000] NODE_DATA(0) allocated [mem 0x7ffeb000-0x7ffeffff]
[    0.000000] kvm-clock: Using msrs 4b564d01 and 4b564d00
[    0.000000] kvm-clock: cpu 0, msr 0:7ffe3001, primary cpu clock
[    0.000000] kvm-clock: using sched offset of 3085700454 cycles
[    0.000000] clocksoue: kvm-clock: mask: 0xffffffffffffffff max_cycles: 0x1cd42e4dffb, max_idle_ns: 881590591483 ns
[    0.000000] Zone ranges:
[    0.000000]   DMA      [mem 0x0000000000001000-0x0000000000ffffff]
[    0.000000]   DMA32    [mem 0x0000000001000000-0x000000007ffeffff]
[    0.000000]   Normal   empty
[    0.000000]   Device   empty
[    0.000000] Movable zone start for each node
[    0.000000] Early memory node ranges
[    0.000000]   node   0: [mem 0x0000000000001000-0x000000000009efff]
[    0.000000]   node   0: [mem 0x0000000000100000-0x000000007ffeffff]
[    0.000000] Initmem setup node 0 [mem 0x0000000000001000-0x000000007ffeffff]
[    0.000000] ACPI: PM-Timer IO Port: 0x4008
[    0.000000] IOAPIC[0]: apic_id 2, version 17, address 0xfec00000, GSI 0-23
[    0.000000] ACPI: INT_SRC_OVR (bus 0 bus_irq 0 global_irq 2 dfl dfl)
[    0.000000] ACPI: INT_SRC_OVR (bus 0 bus_irq 9 global_irq 9 highlevel)
[  0.000 Uing PIMADTfoSM congutionnfmaion   00000 smpotAllong CPUs, 0otluCP
    0000] : gistered nosave mo: [mem 0x000000x000fff
[    0.000000] PM: egistered nosveemry: [mem 0x0000-0x00ff]
[    0.000000] PM: Registered nosave memory: [mem 0x000a0000-0x000effff]
[    0.000000] PM: Registered nosave memory: [mem 0x000f0000-0x000fffff]
[    0.000000] e820: [mem 0x80000000-0xfffbffff] available for PCI devices
[    0.000000] Booting paravirtualized kernel on KVM
[    0.000000] clocksource: refined-jiffies: mask: 0xffffffff max_cycles: 0xffffffff, max_idle_ns: 7645519600211568 ns
[    0.000000] setup_percpu: NR_CPUS:512 nr_cpumask_bits:512 nr_cpu_ids:2 nr_node_ids:1
[    0.000000] PERCPU: Embedded 34 pages/cpu @ffff88007fc00000 s99544 r8192 d31528 u1048576
[    0.000000] PV qspinlock hash table entries: 256 (order: 0, 4096 bytes)
[    0.000000] Built 1 zonelists in Node order, mobility grouping on.  Total pages: 515961
[    0.000000] Policy zone: DMA32
[    0.000000] Kernel command line: BOOT_IMAGE=/boot/vmlinuz-4.4.0-109-generic root=LABEL=cloudimg-rootfs ro console=tty1 console=ttyS0
[    0.000000] PID hash table entries: 4096 (order: 3, 32768 bytes)
[    0.000000] Memory: 2033932K/2096696K available (8485K kernel code, 1308K rwdata, 3988K rodata, 1508K init, 1316K bss, 62764K reserved, 0K cma-reserved)
[    0.000000] SLUB: HWalign=64, Order=0-3, MinObjects=0, CPUs=2, Nodes=1
[    0.000000] Kernel/User page tables isolation: enabled
[    0.000000] Hierarchical RCU implementation.
[    0.000000] 	Build-time adjustment of leaf fanout to 64.
[    0.000000] 	RCU restricting CPUs from NR_CPUS=512 to nr_cpu_ids=2.
[    0.000000] RCU: Adjusting geometry for rcu_fanout_leaf=64, nr_cpu_ids=2
[    0.000000] NR_IRQS:33024 nr_irqs:440 16
[    0.000000] Console: colour VGA+ 80x25
[    0.000000] console [tty1] enabled
[    0.000000] console [ttyS0] enabled
[    0.000000] tsc: Detected 3393.556 MHz processor
[    5.726011] Calibrating delay loop (skipped) preset value.. 6787.11 BogoMIPS (lpj=13574224)
[    5.727301] pid_max: default: 32768 minimum: 301
[    5.727992] ACPI: Core revision 20150930
[    5.729434] ACPI: 2 ACPI AML tables successfully acquired and loaded
[    5.730452] Security Framework initialized
[    5.731090] Yama: becoming mindful.
[    5.731674] AppArmor: AppArmor initialized
[    5.732795] Dentry cache hash table entries: 262144 (order: 9, 2097152 bytes)
[    5.734018] Inode-cache hash table entries: 131072 (order: 8, 1048576 bytes)
[   5.735540] Mount-cache hash table entries: 4096 (order: 3, 32768 bytes)
[    5.907507] Mountpoint-cache hash table entries: 4096 (order: 3, 32768 bytes)
[    6.118840] Initializing cgroup subsys io
[    6.237130] Initializing cgroup subsys memory
[    6.365042] Initializing cgroup subsys devices
[    6.479684] Initializing cgroup subsys freezer
[    6.480375] Initializing cgroup subsys net_cls
[    6.481106] Initializing cgroup subsys perf_event
[    6.481825] Initializing cgroup subsys net_prio
[    6.482526] Initializing cgroup subsys hugetlb
[    6.483219] Initializing cgroup subsys pids
[    6.483952] CPU: Physical Processor ID: 0
[    6.484598] CPU: Processor Core ID: 0
[    6.485259] mce: CPU supports 0 MCE banks
[    6.485925] Last level iTLB entries: 4KB 512, 2MB 8, 4MB 8
[    6.486729] Last level dTLB entries: 4KB 512, 2MB 32, 4MB 32, 1GB 0
[    6.489439] Freeing SMP alternatives memory: 32K
[    6.497522] ftrace: allocating 32171 entries in 126 pages
[    6.538020] smpboot: APIC(0) Converting physical 0 to logical package 0
[    6.556367] smpboot: Max logical packages: 1
[    6.576576] ..TIMER: vector=0x30 apic1=0 pin1=2 apic2=-1 pin2=-1
[    6.688878] smpboot: CPU0: Intel(R) Core(TM) i7-2600 CPU @ 3.40GHz (family: 0x6, model: 0x2a, stepping: 0x7)
[    6.975616] Performance Events: unsupported p6 CPU model 42 no PMU driver, software events only.
[    7.231790] KVM setup paravirtual spinlock
[    7.355241] x86: Booting SMP configuration:
[    7.476494] .... node  #0, CPUs:      #1
[    7.586192] kvm-clock: cpu 1, msr 0:7ffe3041, secondary cpu clock
[    7.636496] mce: CPU supports 0 MCE banks
[    7.638924] x86: Booted up 1 node, 2 CPUs
[    7.639760] smpboot: Total of 2 processors activated (13574.22 BogoMIPS)
[    7.641219] devtmpfs: initialized
[    7.643297] evm: security.selinux
[    7.643869] evm: security.SMACK64
[    7.644466] evm: security.SMACK64EXEC
[    7.645101] evm: security.SMACK64TRANSMUTE
[    7.645732] evm: security.SMACK64MMAP
[    7.646319] evm: security.ima
[    7.646833] evm: security.capability
[    7.647647] clocksource: jiffies: mask: 0xffffffff max_cycles: 0xffffffff, max_idle_ns: 7645041785100000 ns
[    7.649101] futex hash table entries: 512 (order: 3, 32768 bytes)
[    7.650111] pinctrl core: initialized pinctrl subsystem
[    7.650987] RTC time:  6:35:24, date: 01/15/18
[    7.651823] NET: Registered protocol family 16
[    7.664779] cpuidle: using governor ladder
[    7.772462] cpuidle: using governor menu
[    7.874128] PCCT header not found.
[    7.950183] ACPI: bus type PCI registered
[    8.066215] acpiphp: ACPI Hot Plug PCI Controller Driver version: 0.5
[    8.256819] PCI: Using configuration type 1 for base access
[    8.433307] ACPI: Added _OSI(Module Device)
[    8.554377] ACPI: Added _OSI(Processor Device)
[    8.639978] ACPI: Added _OSI(3.0 _SCP Extensions)
[    8.640747] ACPI: Added _OSI(Processor Aggregator Device)
[    8.642117] ACPI: Executed 1 blocks of module-level executable AML code
[    8.644742] ACPI: Interpreter enabled
[    8.663093] ACPI: (supports S0 S5)
[    8.673359] ACPI: Using IOAPIC for interrupt routing
[    8.674341] PCI: Using host bridge windows from ACPI; if necessary, use "pci=nocrs" and report a bug
[    8.679065] ACPI: PCI Root Bridge [PCI0] (domain 0000 [bus 00-ff])
[    8.716191] acpi PNP0A03:00: _OSC: OS supports [ASPM ClockPM Segments MSI]
[    8.724890] acpi PNP0A03:00: _OSC failed (AE_NOT_FOUND); disabling ASPM
[    8.725787] acpi PNP0A03:00: fail to add MMCONFIG information, can't access extended PCI configuration space under this bridge.
[    8.727547] PCI host bridge to bus 0000:00
[    8.728224] pci_bus 0000:00: root bus resource [io  0x0000-0x0cf7 window]
[    8.729131] pci_bus 0000:00: root bus resource [io  0x0d00-0xffff window]
[    8.730036] pci_bus 0000:00: root bus resource [mem 0x000a0000-0x000bffff window]
[    8.731184] pci_bus 0000:00: root bus resource [mem 0x80000000-0xffdfffff window]
[    8.732380] pci_bus 0000:00: root bus resource [bus 00-ff]
[    8.734306] pci 0000:00:01.1: legacy IDE quirk: reg 0x10: [io  0x01f0-0x01f7]
[    8.735250] pci 0000:00:01.1: legacy IDE quirk: reg 0x14: [io  0x03f6]
[    8.736141] pci 0000:00:01.1: legacy IDE quirk: reg 0x18: [io  0x0170-0x0177]
[    8.737114] pci 0000:00:01.1: legacy IDE quirk: reg 0x1c: [io  0x0376]
[    8.767836] ACPI: PCI Interrupt Link [LNKA] (IRQs 5 9 10 11) *0, disabled.
[    8.809560] ACPI: PCI Interrupt Link [LNKB] (IRQs 5 9 10 *11)
[    8.840925] ACPI: PCI Interrupt Link [LNKC] (IRQs 5 9 *10 11)
[    8.842099] ACPI: PCI Interrupt Link [LNKD] (IRQs 5 *9 10 11)
[    8.861486] ACPI: Enabled 2 GPEs in block 00 to 07
[    8.862556] vgaarb: setting as boot device: PCI:0000:00:02.0
[    8.863346] vgaarb: device added: PCI:0000:00:02.0,decodes=io+mem,owns=io+mem,locks=none
[    8.873302] vgaarb: loaded
[    8.873791] vgaarb: bridge control possible 0000:00:02.0
[    8.874787] SCSI subsystem initialized
[    8.875536] ACPI: bus type USB registered
[    8.876188] usbcore: registered new interface driver usbfs
[    8.876988] usbcore: registered new interface driver hub
[    8.877762] usbcore: registered new device driver usb
[    8.895944] PCI: Using ACPI for IRQ routing
[    8.896809] NetLabel: Initializing
[    8.897373] NetLabel:  domain hash size = 128
[    8.898029] NetLabel:  protocols = UNLABELED CIPSOv4
[    8.898759] NetLabel:  unlabeled traffic allowed by default
[    8.899666] amd_nb: Cannot enumerate AMD northbridges
[    8.900435] clocksource: Switched to clocksource kvm-clock
[    8.906943] AppArmor: AppArmor Filesystem Enabled
[    8.933502] pnp: PnP ACPI init
[    8.934616] pnp: PnP ACPI: found 3 devices
[   8.945605] clocksource: acpi_pm: mask: 0xffffff max_cycles: 0xffffff, max_idle_ns: 2085701024 ns
[    8.967909] NET: Registered protocol family 2

[    8.968770] TCP established hash table entries: 16384 (order: 5, 131072 bytes)
[    8.969916] TCP bind hash table entries: 16384 (order: 6, 262144 bytes)
[    8.970824] TCP: Hash tables configured (established 16384 bind 16384)
[    8.971712] UDP hash table entries: 1024 (order: 3, 32768 bytes)
[    8.972559] UDP-Lite hash table entries: 1024 (order: 3, 32768 bytes)
[    8.973632] NET: Registered protocol family 1
[    8.974326] pci 0000:00:00.0: Limiting direct PCI/PCI transfers
[    8.975184] pci 0000:00:01.0: Activating ISA DMA hang workarounds
[    8.976166] Unpacking initramfs...
[   10.414828] Freeing initrd memory: 1092
[ 10654]APPM decd, API unit is 2^-32 Joules, 3 fixed counters 10737418240 ms ovfl timer
[ 11439]w itf domain pp0-core 2^-0 Joules
[[   11.495112] hw unit of domain package 2^-0 Joules
[   11.495843] hw unit of domain pp1-gpu 2^-0 Joules
[   11.496680] platform rtc_cmos: registered platform RTC device (no PNP device found)
[   11.497879] Scanning for low memory corruption every 60 seconds
[   11.499253] audit: initializing netlink subsys (disabled)
[   11.500040] audit: type=2000 audit(1515998124.920:1): initialized
[   11.501169] Initialise system trusted keyring
[   11.502112] HugeTLB registered 2 MB page size, pre-allocated 0 pages
[   11.504186] zbud: loaded
[   11.504960] VFS: Disk quotas dquot_6.6.0
[   11.505622] VFS: Dquot-cache hash table entries: 512 (order 0, 4096 bytes)
[   11.506762] squashfs: version 4.0 (2009/01/31) Phillip Lougher
[   11.507936] fuse init (API version 7.23)
[   11.508783] Key type big_key registered
[   11.509409] Allocating IMA MOK and blacklist keyrings.
[   11.512125] Key type asymmetric registered
[   11.512804] Asymmetric key parser 'x509' registered
[   11.513564] Block layer SCSI generic (bsg) driver version 0.4 loaded (major 249)
[   11.514814] io scheduler noop registered
[   11.515473] io scheduler deadline registered (default)
[   11.516254] io scheduler cfq registered
[   11.516975] pci_hotplug: PCI Hot Plug PCI Core version: 0.5
[   11.517766] pciehp: PCI Express Hot Plug Controller Driver version: 0.4
[   11.518769] ACPI: AC Adapter [AC] (on-line)
[   11.524760] input: Power Button as /devices/LNXSYSTM:00/LNXPWRBN:00/input/input0
[   11.525897] ACPI: Power Button [PWRF]
[   11.526530] input: Sleep Button as /devices/LNXSYSTM:00/LNXSLPBN:00/input/input1
[   11.527687] ACPI: Sleep Button [SLPF]
[   11.528521] GHES: HEST is not enabled!
[   11.529310] Serial: 8250/16550 driver, 32 ports, IRQ sharing enabled
[   11.551512] 00:02: ttyS0 at I/O 0x3f8 (irq = 4, base_baud = 115200) is a 16550A
[   11.556030] Linux agpgart interface v0.103
[   11.558805] loop: module loaded
[   11.559904] scsi host0: ata_piix
[   11.560723] scsi host1: ata_piix
[   11.561313] ata1: PATA max UDMA/33 cmd 0x1f0 ctl 0x3f6 bmdma 0xd000 irq 14
[   11.562236] ata2: PATA max UDMA/33 cmd 0x170 ctl 0x376 bmdma 0xd008 irq 15
[   11.563265] libphy: Fixed MDIO Bus: probed
[   11.563934] tun: Universal TUN/TAP device driver, 1.6
[   11.564721] tun: (C) 1999-2004 Max Krasnyansky <maxk@qualcomm.com>
[   11.565711] PPP generic driver version 2.4.2
[   11.566537] ehci_hcd: USB 2.0 'Enhanced' Host Controller (EHCI) Driver
[   11.567446] ehci-pci: EHCI PCI platform driver
[   11.568137] ehci-platform: EHCI generic platform driver
[   11.568944] ohci_hcd: USB 1.1 'Open' Host Controller (OHCI) Driver
[   11.569785] ohci-pci: OHCI PCI platform driver
[   11.570455] ohci-platform: OHCI generic platform driver
[   11.571208] uhci_hcd: USB Universal Host Controller Interface driver
[   11.572125] i8042: PNP: PS/2 Controller [PNP0303:PS2K,PNP0f03:PS2M] at 0x60,0x64 irq 1,12
[   11.573780] serio: i8042 KBD port at 0x60,0x64 irq 1
[   11.574500] serio: i8042 AUX port at 0x60,0x64 irq 12
[   11.575556] mousedev: PS/2 mouse device common for all mice
[   11.577855] input: AT Translated Set 2 keyboard as /devices/platform/i8042/serio0/input/input2
[   11.579612] rtc_cmos rtc_cmos: rtc core: registered rtc_cmos as rtc0
[   11.580558] rtc_cmos rtc_cmos: alarms up to one day, 114 bytes nvram
[   11.581421] i2c /dev entries driver
[   11.582048] device-mapper: uevent: version 1.0.3
[   11.582845] device-mapper: ioctl: 4.34.0-ioctl (2015-10-28) initialised: dm-devel@redhat.com
[   11.584123] ledtrig-cpu: registered to indicate activity on CPUs
[   11.585819] NET: Registered protocol family 10
[   11.586713] NET: Registered protocol family 17
[   11.587414] Key type dns_resolver registered
[   11.588248] microcode: CPU0 sig=0x206a7, pf=0x10, revision=0x0
[   11.589165] microcode: CPU1 sig=0x206a7, pf=0x10, revision=0x0
[   11.590134] microcode: Microcode Update Driver: v2.01 <tigran@aivazian.fsnet.co.uk>, Peter Oruba
[   11.591959] registered taskstats version 1
[   11.592667] Loading compiled-in X.509 certificates
[   11.594041] Loaded X.509 cert 'Build time autogenerated kernel key: 96e61bd247bb6c4e82ca419795a98fcb171b0e99'
[   11.595485] zswap: loaded using pool lzo/zbud
[   11.598456] Key type trusted registered
[   11.603245] Key type encrypted registered
[   11.603897] AppArmor: AppArmor sha1 policy hashing enabled
[   11.604718] ima: No TPM chip found, activating TPM-bypass!
[   11.605523] evm: HMAC attrs: 0x1
[   11.606361]   Magic number: 2:758:569
[   11.607071] rtc_cmos rtc_cmos: setting system clock to 2018-01-15 06:35:28 UTC (1515998128)
[   11.608473] BIOS EDD facility v0.16 2004-Jun-25, 0 devices found
[   11.609306] EDD information not available.
[   11.721582] Freeing unused kernel memory: 1508K
[   11.722284] Write protecting the kernel read-only data: 14336k
[   11.723687] Freeing unused kernel memory: 1744K
[   11.724682] Freeing unused kernel memory: 108K
Loading, please wait...
starting version[   11.739201] random: systemd-udevd: uninitialized urandom read (16 bytes read, 2 bits of entropy available)
 229
[   11.739766] random: udevadm: uninitialized urandom read (16 bytes read, 2 bits of entropy available)
[   11.739790] random: udevadm: uninitialized urandom read (16 bytes read, 2 bits of entropy available)
[   11.744870] random: systemd-udevd: uninitialized urandom read (16 bytes read, 2 bits of entropy available)
[   11.746289] random: systemd-udevd: uninitialized urandom read (16 bytes read, 2 bits of entropy available)
[   11.750245] random: systemd-udevd: uninitialized urandom read (16 bytes read, 2 bits of entropy available)
[   11.751812] random: udevadm: uninitialized urandom read (16 bytes read, 2 bits of entropy available)
[   11.751863] random: udevadm: uninitialized urandom read (16 bytes read, 2 bits of entropy available)
[   11.752060] random: udevadm: uninitialized urandom read (16 bytes read, 2 bits of entropy available)
[   11.752134] random: udevadm: uninitialized urandom read (16 bytes read, 2 bits of entropy available)
[   11.881540] e1000: Intel(R) PRO/1000 Network Driver - version 7.3.21-k8-NAPI
[   12.208956] e1000: Copyright (c) 1999-2006 Intel Corporation.
[   12.225350] Fusion MPT base driver 3.04.20
[   12.252136] Copyright (c) 1999-2008 LSI Corporation
[   12.266178] Fusion MPT SPI Host driver 3.04.20
[   12.290166] AVX version of gcm_enc/dec engaged.
[   12.324072] AES CTR mode by8 optimization enabled
[   12.491272] input: ImExPS/2 Generic Explorer Mouse as /devices/platform/i8042/serio1/input/input4
[   12.497796] tsc: Refined TSC clocksource calibration: 3392.452 MHz
[   12.497798] clocksource: tsc: mask: 0xffffffffffffffff max_cycles: 0x30e674c70ef, max_idle_ns: 440795371745 ns
[   12.612874] e1000 0000:00:03.0 eth0: (PCI:33MHz:32-bit) 02:38:07:4c:82:85
[   12.612878] e1000 0000:00:03.0 eth0: Intel(R) PRO/1000 Network Connection
[   12.913987] e1000 0000:00:03.0 enp0s3: renamed from eth0
[   12.914608] mptbase: ioc0: Initiating bringup
[   13.308844] ioc0: LSI53C1030 A0: Capabilities={Initiator}
[   13.744901] scsi host2: ioc0: LSI53C1030 A0, FwRev=00000000h, Ports=1, MaxQ=256, IRQ=20
[   14.097103] scsi 2:0:0:0: Direct-Access     VBOX     HARDDISK         1.0  PQ: 0 ANSI: 5
[   14.339676] scsi target2:0:0: Beginning Domain Validation
[   14.502808] scsi target2:0:0: Domain Validation skipping write tests
[   14.691719] scsi target2:0:0: Ending Domain Validation
[   14.844646] scsi target2:0:0: asynchronous
[   15.031234] floppy0: no floppy controllers found
[   15.032736] scsi 2:0:1:0: Direct-Access     VBOX     HARDDISK         1.0  PQ: 0 ANSI: 5
[   15.034024] scsi target2:0:1: Beginning Domain Validation
[   15.035411] scsi target2:0:1: Domain Validation skipping write tests
[   15.036299] scsi target2:0:1: Ending Domain Validation
[   15.037151] scsi target2:0:1: asynchronous
[   15.044155] sd 2:0:0:0: [sda] 20971520 512-byte logical blocks: (10.7 GB/10.0 GiB)
[   15.044264] sd 2:0:0:0: Attached scsi generic sg0 type 0
[   15.490945] sd 2:0:1:0: Attached scsi generic sg1 type 0
[   15.491133] sd 2:0:1:0: [sdb] 20480 512-byte logical blocks: (10.5 MB/10.0 MiB)
[   15.491271] sd 2:0:1:0: [sdb] Write Protect is off
[   15.491332] sd 2:0:1:0: [sdb] Incomplete mode parameter data
[   15.491333] sd 2:0:1:0: [sdb] Assuming drive cache: write through
[   15.517451] sd 2:0:1:0: [sdb] Attached SCSI disk
[   15.605577] sd 2:0:0:0: [sda] Write Protect is off
[   15.606611] sd 2:0:0:0: [sda] Incomplete mode parameter data
[   15.607437] sd 2:0:0:0: [sda] Assuming drive cache: write through
[   15.610130]  sda: sda1
[   15.611391] sd 2:0:0:0: [sda] Attached SCSI disk
Begin: Loading e[   17.082928] md: linear personality registered for level -1
ssential drivers[   17.140254] md: multipath personality registered for level -4
 ... [   17.172076] md: raid0 personality registered for level 0
[   17.184530] md: raid1 personality registered for level 1
[   17.260472] raid6: sse2x1   gen()  9802 MB/s
[   17.332459] raid6: sse2x1   xor()  7724 MB/s
[   17.400503] raid6: sse2x2   gen()  9440 MB/s
[   17.540455] raid6: sse2x2   xor()  8667 MB/s
[   17.732463] raid6: sse2x4   gen() 14359 MB/s
[   17.928463] raid6: sse2x4   xor() 10692 MB/s
[   18.054968] raid6: using algorithm sse2x4 gen() 14359 MB/s
[   18.199867] raid6: .... xor() 10692 MB/s, rmw enabled
[   18.200669] raid6: using ssse3x2 recovery algorithm
[   18.202980] xor: automatically using best checksumming function:
[   18.261094]    avx       : 45510.000 MB/sec
[   18.691930] async_tx: api initialized (async)
[   18.829322] md: raid6 personality registered for level 6
[   18.986989] md: raid5 personality registered for level 5
[   19.144855] md: raid4 personality registered for level 4
[   19.288065] md: raid10 personality registered for level 10
done.
Begin: Running /scripts/init-premount ... done.
Begin: Mounting root file system ... Begin: Runn[   19.320947] Btrfs loaded
ing /scripts/local-top ... done.
Begin: Running /scripts/local-[   19.400611] EXT4-fs (sda1): mounted filesystem with ordered data mode. Opts: (null)
premount ... Scanning for Btrfs filesystems
done.
Warning: fsck not present, so skipping root file system
done.
Begin: Running /scripts/local-bottom ... done.
Begin: Running /scripts/init-bottom ... done.
[   19.777211] systemd[1]: systemd 229 running in system mode. (+PAM +AUDIT +SELINUX +IMA +APPARMOR +SMACK +SYSVINIT +UTMP +LIBCRYPTSETUP +GCRYPT +GNUTLS +ACL +XZ -LZ4 +SECCOMP +BLKID +ELFUTILS +KMOD -IDN)
[   20.086825] systemd[1]: Detected virtualization oracle.
[   20.139114] systemd[1]: Detected architecture x86-64.

Welcome to [1mUbuntu 16.04.3 LTS[0m!

[   20.188043] systemd[1]: Set hostname to <ubuntu>.
[   20.202035] systemd[1]: Initializing machine ID from random generator.
[   20.211861] systemd[1]: Installed transient /etc/machine-id file.
[   20.661210] systemd[1]: Listening on Journal Audit Socket.
[[0;32m  OK  [0m] Listening on Journal Audit Socket.
[   20.888778] systemd[1]: Started Forward Password Requests to Wall Directory Watch.
[[0;32m  OK  [0m] Started Forward Password Requests to Wall Directory Watch.
[ 21380721] systemd[1]: Started Trigger resolvconf update for networkd DNS.

[[0;32m  OK  [0m] Started Trigger resolvconf update for networkd DNS.
[   21.467500] systemd[1]: Listening on Device-mapper event daemon FIFOs.
[[0;32m  OK  [0m] Listening on Device-mapper event daemon FIFOs.
[   21.469909] systemd[1]: Reached target Swap.
[[0;32m  OK  [0m] Reached target Swap.
[   21.472200] systemd[1]: Created slice User and Session Slice.
[[0;32m  OK  [0m] Created slice User and Session Slice.
[   21.488649] systemd[1]: Listening on udev Kernel Socket.
[[0;32m  OK  [0m] Listening on udev Kernel Socket.
[   21.832683] systemd[1]: Listening on Journal Socket (/dev/log).
[[0;32m  OK  [0m] Listening on Journal Socket (/dev/log).
[   22.104671] systemd[1]: Listening on LVM2 poll daemon socket.
[[0;32m  OK  [0m] Listening on LVM2 poll daemon socket.
[   22.382598] systemd[1]: Set up automount Arbitrary Executable File Formats File System Automount Point.
[[0;32m  OK  [0m] Set up automount Arbitrary Executab...ats File System Automount Point.
[   22.385193] systemd[1]: Reached target User and Group Name Lookups.
[[0;32m  OK  [0m] Reached target User and Group Name Lookups.
[   22.387110] systemd[1]: Listening on Journal Socket.
[[0;32m  OK  [0m] Listening on Journal Socket.
[   22.388862] systemd[1]: Listening on Syslog Socket.
[[0;32m  OK  [0m] Listening on Syslog Socket.
[   22.390513] systemd[1]: Listening on udev Control Socket.
[[0;32m  OK  [0m] Listening on udev Control Socket.
[   22.392587] systemd[1]: Created slice System Slice.
[[0;32m  OK  [0m] Created slice System Slice.
[   22.404674] systemd[1]: Starting Journal Service...
         Starting Journal Service...
[   22.414190] random: nonblocking pool is initialized
[   22.440678] systemd[1]: Starting Load Kernel Modules...
         Starting Load Kernel Modules...
[   22.488270] systemd[1]: Mounting POSIX Message Queue File System...
         Mounting POSIX Message Queue File System...
[   22.494038] systemd[1]: Mounting Debug File System...
         Mounting Debug File System...
[   22.498914] systemd[1]: Mounting Huge Pages File System...
         Mounting Huge Pages File System...
[   22.503591] systemd[1]: Created slice system-serial\x2dgetty.slice.
[[0;32m  OK  [0m] Created slice system-serial\x2dgetty.slice.
[   22.507988] systemd[1]: Starting Nameserver information manager...
         Starting Nameserver information manager...
[   22.511082] systemd[1]: Starting Remount Root and Kernel File Systems...
         [   22.517024] EXT4-fs (sda1): re-mounted. Opts: (null)
Starting Remount Root and Kernel File Systems...
[   22.525910] systemd[1]: Starting Set console keymap...
         Starting Set console keymap...
[   22.529980] systemd[1]: Starting Uncomplicated firewall...
[   22.531353] Loading iSCSI transport class v2.0-870.
         Starting Uncomplicated firewall...
[   22.534536] systemd[1]: Reached target Slices.
[[0;32m  OK  [0m] Reached target Slices.
[   22.563813] systemd[1]: Starting Create list of required static device nodes for the current kernel...
         Starting Create list of required st... nodes for the current kernel...
[   22.567126] systemd[1]: Listening on LVM2 metadata daemon socket.
[[0;32m  OK  [0m] Listening on LVM2 metadata daemon socket.
[   22.570257] systemd[1]: Starting Monitoring of LVM2 mirrors, snapshots etc. using dmeventd or progress polling...
         Starting Monitoring of LVM2 mirrors... dmeventd or progress polling...
[   22.578267] systemd[1]: Reached target Encrypted Volumes.
[[0;32m  OK  [0m] Reached target Encrypted Volumes.
[   22.582704] systemd[1]: Listening on /dev/initctl Compatibility Named Pipe.
[[0;32m  OK  [0m] Listening on /dev/initctl Compatibility Named Pipe.
[   22.587771] systemd[1]: Mounted POSIX Message Queue File System.
[[0;32m  OK  [0m] Mounted POSIX Message Queue File System.
[   22.781392] systemd[1]: Mounted Huge Pages File System.
[[0;32m  OK  [0m] Mounted Huge Pages File System.
[   22.784814] systemd[1]: Mounted Debug File System.
[[0;32m  OK  [0m] Mounted Debug File System.
[   22.788337] systemd[1]: Started Remount Root and Kernel File Systems.
[[0;32m  OK  [0m] Started Remount Root and Kernel File Systems.
[   22.791899] systemd[1]: Started Uncomplicated firewall.
[[0;32m  OK  [0m] Started Uncomplicated firewall.
[   22.799051] systemd[1]: Started Create list of required static device nodes for the current kernel.
[[0;32m  OK  [0m] Started Create list of required sta...ce nodes for the current kernel.
[   22.816597] systemd[1]: Started Nameserver information manager.
[[0;32m  OK  [0m] Started Nameserv[   22.820076] iscsi: registered transport (tcp)
er information manager.
[   22.828273] systemd[1]: Started Journal Service.
[[0;32m  OK  [0m] Started Journal Service.
         Starting Create Static Device Nodes in /dev...
         Starting Initial cloud-init job (pre-networking)...
         Starting Load/Save Random Seed...
         Starting Flush Journal to Persistent Storage...
         Starting udev Coldplug all Devices...
[[0;32m  OK  [0m] Started Set console keymap.
[[0;32m  OK  [0m] Started Load/Save Random Seed.
[   22.934413] iscsi: registered transport (iser)
[[0;32m  OK  [0m] Started Load Kernel Modules.
         Starting Apply Kernel Variables...
         Mounting FUSE Control File System...
[[0;32m  OK  [0m] Mounted FUSE Control File System.
[   23.021323] systemd-journald[379]: Received request to flush runtime journal from PID 1
[[0;32m  OK  [0m] Started udev Coldplug all Devices.
[[0;32m  OK  [0m] Started Flush Journal to Persistent Storage.
[[0;32m  OK  [0m] Started Create Static Device Nodes in /dev.
         Starting udev Kernel Device Manager...
[[0;32m  OK  [0m] Started LVM2 metadata daemon.
[[0;32m  OK  [0m] Started Apply Kernel Variables.
[[0;32m  OK  [0m] Started udev Kernel Device Manager.
[[0;32m  OK  [0m] Started Dispatch Password Requests to Console Directory Watch.
[[0;32m  OK  [0m] Started Monitoring of LVM2 mirrors,...ng dmeventd or progress polling.
[[0;32m  OK  [0m] Reached target Local File Systems (Pre).
[[0;32m  OK  [0m] Reached target Local File Systems.
         Starting LSB: AppArmor initialization...
         Starting Create Volatile Files and Directories...
         Starting Set console font and keymap...
         Starting Commit a transient machine-id on disk...
         Starting Tell Plymouth To Write Out Runtime Data...
[[0;32m  OK  [0m] Started Create Volatile Files and Directories.
[[0;32m  OK  [0m] Started Tell Plymouth To Write Out Runtime Data.
[[0;32m  OK  [0m] Started Commit a transient machine-id on disk.
[[0;32m  OK  [0m] Found device /dev/ttyS0.
         Starting Update UTMP about System Boot/Shutdown...
[[0;32m  OK  [0m] Reached target System Time Synchronized.
[[0;32m  OK  [0m] Started Update UTMP about System Boot/Shutdown.
[[0;32m  OK  [0m] Listening on Load/Save RF Kill Switch Status /dev/rfkill Watch.
[[0;32m  OK  [0m] Started Set console font and keymap.
[[0;32m  OK  [0m] Created slice system-getty.slice.
[[0;32m  OK  [0m] Started LSB: AppArmor initialization.
[   17.426274] cloud-init[429]: Cloud-init v. 17.1 running 'init-local' at Mon, 15 Jan 2018 06:35:42 +0000. Up 17.01 seconds.
[[0;32m  OK  [0m] Started Initial cloud-init job (pre-networking).
[[0;32m  OK  [0m] Reached target Network (Pre).
         Starting Raise network interfaces...
[[0;32m  OK  [0m] Started Raise network interfaces.
         Starting Initial cloud-init job (metadata service crawler)...
[[0;32m  OK  [0m] Reached target Network.
[   20.068244] cloud-init[945]: Cloud-init v. 17.1 running 'init' at Mon, 15 Jan 2018 06:35:44 +0000. Up 18.81 seconds.
[   20.125881] cloud-init[945]: ci-info: +++++++++++++++++++++++++++++++++++++Net device info+++++++++++++++++++++++++++++++++++++
[   20.126166] cloud-init[945]: ci-info: +--------+------+---------------------------+---------------+-------+-------------------+
[   20.126610] cloud-init[945]: ci-info: | Device |  Up  |          Address          |      Mask     | Scope |     Hw-Address    |
[   20.126951] cloud-init[945]: ci-info: +--------+------+---------------------------+---------------+-------+-------------------+
[   20.127435] cloud-init[945]: ci-info: | enp0s3 | True |         10.0.2.15         | 255.255.255.0 |   .   | 02:38:07:4c:82:85 |
[   20.127959] cloud-init[945]: ci-info: | enp0s3 | True | fe80::38:7ff:fe4c:8285/64 |       .       |  link | 02:38:07:4c:82:85 |
[[0;32m  OK  [0m] Started Initial cloud-init job (metadata service crawler).
[   20.128501] cloud-init[945]: ci-info: |   lo   | True |         127.0.0.1         |   255.0.0.0   |   .   |         .         |
[   20.140427] cloud-init[945]: ci-info: |   lo   | True |          ::1/128          |       .       |  host |         .         |
[   20.140666] cloud-init[945]: ci-info: +--------+------+---------------------------+---------------+-------+-------------------+
[   20.140856] cloud-init[945]: ci-info: +++++++++++++++++++++++++++Route IPv4 info++++++++++++++++++++++++++++
[   20.141061] cloud-init[945]: ci-info: +-------+-------------+----------+---------------+-----------+-------+
[   20.141267] cloud-init[945]: ci-info: | Route | Destination | Gateway  |    Genmask    | Interface | Flags |
[   20.141475] cloud-init[945]: ci-info: +-------+-------------+----------+---------------+-----------+-------+
[   20.141689] cloud-init[945]: ci-info: |   0   |   0.0.0.0   | 10.0.2.2 |    0.0.0.0    |   enp0s3  |   UG  |
[   20.141889] cloud-init[945]: ci-info: |   1   |   10.0.2.0  | 0.0.0.0  | 255.255.255.0 |   enp0s3  |   U   |
[   20.142095] cloud-init[945]: ci-info: +-------+-------------+----------+---------------+-----------+-------+
[   20.142304] cloud-init[945]: Generating public/private rsa key pair.
[   20.142515] cloud-init[945]: Your identification has been saved in /etc/ssh/ssh_host_rsa_key.
[   20.142732] cloud-init[945]: Your public key has been saved in /etc/ssh/ssh_host_rsa_key.pub.
[   20.142941] cloud-init[945]: The key fingerprint is:
[   20.143152] cloud-init[945]: SHA256:KB1I7KvwYFr3TuMpY45QLBek6fsqcbOHssehAczqUgg root@ubuntu-xenial
[   20.143353] cloud-init[945]: The key's randomart image is:
[   20.143546] cloud-init[945]: +---[RSA 2048]----+
[   20.143762] cloud-init[945]: |  ...            |
[   20.144040] cloud-init[945]: | + ...           |
[   20.144340] cloud-init[945]: |= ... .          |
[   20.144554] cloud-init[945]: |E+ ... o         |
[[0;32m  OK  [0m] Reached target System Initialization.
[[   20.144716] cloud-init[945]: [0;32m  OK  [0m|=o+ ..o S        |
] Listening on UUID daemon activation socket.[   20.164228] cloud-init
[945]: |B=B o.           |
[   20.165652] cloud-init[945]: |=& B .o          |
[   20.165870] cloud-init[945]: |*oO.=o.o         |
[   20.166188] cloud-init[945]: |+=o=.++          |
[   20.166527] cloud-init[945]: +----[SHA256]-----+
[   20.166823] cloud-init[945]: Generating public/private dsa key pair.
[   20.167140] cloud-init[945]: Your identification has been saved in /etc/ssh/ssh_host_dsa_key.
[   20.167457] cloud-init[945]: Your public key has been saved in /etc/ssh/ssh_host_dsa_key.pub.
[   20.167781] cloud-init[945]: The key fingerprint is:
[   20.168429] cloud-init[945]: SHA256:EvJHiuUSkhtdcp4OQNxKg7RPk/f8tqm8cj1GjYmHxLg root@ubuntu-xenial
[   20.168740] cloud-init[945]: The key's randomart image is:
[   20.169051] cloud-init[945]: +---[DSA 1024]----+
[   20.169363] cloud-init[945]: |.=o.. o          |
[   20.169683] cloud-init[945]: |. =+o= .         |
[   20.170003] cloud-init[945]: | o+*=.B .        |
[   20.170313] cloud-init[945]: |  ++o@o*         |
[   20.170635] cloud-init[945]: |  ..o OoS +      |
[   20.170949] cloud-init[945]: |     E =.= .     |
[   20.171251] cloud-init[945]: |        +o       |
[   20.171405] cloud-init[945]: |     ....+o      |
[   20.171563] cloud-init[945]: |      o++o.      |
[   20.171723] cloud-init[945]: +----[SHA256]-----+
[   20.172079] cloud-init[945]: Generating public/private ecdsa key pair.
[   20.172368] cloud-init[945]: Your identification has been saved in /etc/ssh/ssh_host_ecdsa_key.
[   20.172527] cloud-init[945]: Your public key has been saved in /etc/ssh/ssh_host_ecdsa_key.pub.
[   20.172683] cloud-init[945]: The key fingerprint is:
[   20.172840] cloud-init[945]: SHA256:rDoeszbymYpiOnKpmXiPSyg4+XqsQ6okvQHYyUZOHBw root@ubuntu-xenial
[   20.172998] cloud-init[945]: The key's randomart image is:
[   20.173160] cloud-init[945]: +---[ECDSA 256]---+
[   20.173314] cloud-init[945]: | .E.             |
[   20.173468] cloud-init[945]: | ...             |
[   20.173627] cloud-init[945]: |  +              |
[   20.173783] cloud-init[945]: |.* .   .         |
[   20.173939] cloud-init[945]: |o *     S        |
[   20.174098] cloud-init[945]: |.B     .         |
[   20.174254] cloud-init[945]: |Xo+.o .          |
[   20.174412] cloud-init[945]: |@OB++B           |
[   20.174570] cloud-init[945]: |^X*OOo           |
[   20.174727] cloud-init[945]: +----[SHA256]-----+
[   20.174883] cloud-init[945]: Generating public/private ed25519 key pair.
[   20.175046] cloud-init[945]: Your identification has been saved in /etc/ssh/ssh_host_ed25519_key.
[   20.175198] cloud-init[945]: Your public key has been saved in /etc/ssh/ssh_host_ed25519_key.pub.
[   20.175357] cloud-init[945]: The key fingerprint is:
[   20.175665] cloud-init[945]: SHA256:3YgQormVferspFicitGvUfM6UxNsIVBGvZ/a6c4/9jc root@ubuntu-xenial
[   20.175829] cloud-init[945]: The key's randomart image is:
[   20.176319] cloud-init[945]: +--[ED25519 256]--+
[   20.176474] cloud-init[945]: |  .+=..          |
[   20.176631] cloud-init[945]: |   +.+o.         |
[   20.176790] cloud-init[945]: |  o oooo.        |
[   20.176946] cloud-init[945]: |   o  =+ o o     |
[   20.177105] cloud-init[945]: |  . o..oS.o .    |
[   20.177262] cloud-init[945]: | . o *o o        |
[   20.177426] cloud-init[945]: |. o +.=+ .       |
[   20.177580] cloud-init[945]: | o *o=..o o   E  |
[   20.177735] cloud-init[945]: |. +.+o.o+o.o.. . |
[   20.177896] cloud-init[945]: +----[SHA256]-----+
[[0;32m  OK  [0m] Listening on D-Bus System Message Bus Socket.
         Starting Socket activation for snappy daemon.
[[0;32m  OK  [0m] Listening on ACPID Listen Socket.
[[0;32m  OK  [0m] Started ACPI Events Check.
[[0;32m  OK  [0m] Reached target Paths.
         Starting LXD - unix socket.
[[0;32m  OK  [0m] Started Daily Cleanup of Temporary Directories.
[[0;32m  OK  [0m] Started Timer to automatically refresh installed snaps.
[[0;32m  OK  [0m] Reached target Cloud-config availability.
[[0;32m  OK  [0m] Reached target Network is Online.
         Starting iSCSI initiator daemon (iscsid)...
[[0;32m  OK  [0m] Started Daily apt download activities.
[[0;32m  OK  [0m] Started Daily apt upgrade and clean activities.
[[0;32m  OK  [0m] Reached target Timers.
[[0;32m  OK  [0m] Listening on Socket activation for snappy daemon.
[[0;32m  OK  [0m] Listening on LXD - unix socket.
[[0;32m  OK  [0m] Reached target Sockets.
[[0;32m  OK  [0m] Reached target Basic System.
[[0;32m  OK  [0m] Started D-Bus System Message Bus.
         Starting Accounts Service...
         Starting Apply the settings specified in cloud-config...
         Starting LXD - container startup/shutdown...
[[0;32m  OK  [0m] Started Regular background program processing daemon.
         Starting Login Service...
[[0;32m  OK  [0m] Started ACPI event daemon.
         Starting LSB: MD monitoring daemon...
[[0;32m  OK  [0m] Started Unattended Upgrades Shutdown.
         Starting /etc/rc.local Compatibility...
         Starting Snappy daemon...
         Starting LSB: Record successful boot for GRUB...
         Starting System Logging Service...
[[0;32m  OK  [0m] Started Deferred execution scheduler.
[[0;32m  OK  [0m] Started FUSE filesystem for LXC.
         Starting Pollinate to seed the pseudo random number generator...
[[0;32m  OK  [0m] Started /etc/rc.local Compatibility.
         Starting Authenticate and Authorize Users to Run Privileged Tasks...
[[0;32m  OK  [0m] Started Login Service.
[[0;32m  OK  [0m] Started LSB: Record successful boot for GRUB.
[[0;32m  OK  [0m] Started iSCSI initiator daemon (iscsid).
[[0;32m  OK  [0m] Started LSB: MD monitoring daemon.
         Starting Login to default iSCSI targets...
[[0;32m  OK  [0m] Started Authenticate and Authorize Users to Run Privileged Tasks.
[[0;32m  OK  [0m] Started Accounts Service.
[   21.287985] cloud-init[1042]: Generating locales (this might take a while)...
[[0;32m  OK  [0m] Started Login to default iSCSI targets.
[[0;32m  OK  [0m] Reached target Remote File Systems (Pre).
[[0;32m  OK  [0m] Reached target Remote File Systems.
         Starting LSB: automatic crash report generation...
         Starting Permit User Sessions...
         Starting LSB: VirtualBox Linux Additions...
         Starting LSB: Set the CPU Frequency Scaling governor to "ondemand"...
         Starting LSB: daemon to balance interrupts for SMP systems...
[[0;32m  OK  [0m] Started System Logging Service.
[[0;32m  OK  [0m] Started Permit User Sessions.
         Starting Hold until boot process finishes up...
         Starting Terminate Plymouth Boot Screen...
[[0;32m  OK  [0m] Started LSB: Set the CPU Frequency Scaling governor to "ondemand".
[[0;32m  OK  [0m] Started Hold until boot process finishes up.
[[0;32m  OK  [0m] Started Terminate Plymouth Boot Screen.
[[0;32m  OK  [0m] Started Getty on tty1.
[[0;32m  OK  [0m] Started Serial Getty on ttyS0.
[[0;32m  OK  [0m] Reached target Login Prompts.
         Starting Set console scheme...
[[0;32m  OK  [0m] Started LSB: daemon to balance interrupts for SMP systems.
[[0;32m  OK  [0m] Started LSB: automatic crash report generation.
[[0;32m  OK  [0m] Started Set console scheme.
[[0;32m  OK  [0m] Started LSB: VirtualBox Linux Additions.
[[0;32m  OK  [0m] Started LXD - container startup/shutdown.
[[0;32m  OK  [0m] Started Snappy daemon.
[   22.613142] cloud-init[1042]:   en_US.UTF-8... done
[   22.618787] cloud-init[1042]: Generation complete.
[[0;32m  OK  [0m] Started Pollinate to seed the pseudo random number generator.
         Starting OpenBSD Secure Shell server...
[[0;32m  OK  [0m] Started OpenBSD Secure Shell server.
[[0;32m  OK  [0m] Reached target Multi-User System.
[[0;32m  OK  [0m] Reached target Graphical Interface.
         Starting Update UTMP about System Runlevel Changes...
[[0;32m  OK  [0m] Started Update UTMP about System Runlevel Changes.
[[0;32m  OK  [0m] Created slice User Slice of vagrant.
         Starting User Manager for UID 1000...
[[0;32m  OK  [0m] Started Session 1 of user vagrant.
[[0;32m  OK  [0m] Started User Manager for UID 1000.
[   23.935163] cloud-init[1042]: Cloud-init v. 17.1 running 'modules:config' at Mon, 15 Jan 2018 06:35:46 +0000. Up 20.76 seconds.
[[0;32m  OK  [0m] Started Apply the settings specified in cloud-config.
         Starting Execute cloud user/final scripts...
ci-info: no authorized ssh keys fingerprints found for user ubuntu.
<14>Jan 15 06:35:50 ec2: 
<14>Jan 15 06:35:50 ec2: #############################################################
<14>Jan 15 06:35:50 ec2: -----BEGIN SSH HOST KEY FINGERPRINTS-----
<14>Jan 15 06:35:50 ec2: 1024 SHA256:EvJHiuUSkhtdcp4OQNxKg7RPk/f8tqm8cj1GjYmHxLg root@ubuntu-xenial (DSA)
<14>Jan 15 06:35:50 ec2: 256 SHA256:rDoeszbymYpiOnKpmXiPSyg4+XqsQ6okvQHYyUZOHBw root@ubuntu-xenial (ECDSA)
<14>Jan 15 06:35:50 ec2: 256 SHA256:3YgQormVferspFicitGvUfM6UxNsIVBGvZ/a6c4/9jc root@ubuntu-xenial (ED25519)
<14>Jan 15 06:35:50 ec2: 2048 SHA256:KB1I7KvwYFr3TuMpY45QLBek6fsqcbOHssehAczqUgg root@ubuntu-xenial (RSA)
<14>Jan 15 06:35:50 ec2: -----END SSH HOST KEY FINGERPRINTS-----
<14>Jan 15 06:35:50 ec2: #############################################################
-----BEGIN SSH HOST KEY KEYS-----
ecdsa-sha2-nistp256 AAAAE2VjZHNhLXNoYTItbmlzdHAyNTYAAAAIbmlzdHAyNTYAAABBBJDk5YDcex/Q9fwr7hLvmka6Z6XEyVXZn1rvOonF2Mg/r9nM7sWowiyIzHEOZmXj+pIRpOD0QVuwpcztygHVhbc= root@ubuntu-xenial
ssh-ed25519 AAAAC3NzaC1lZDI1NTE5AAAAIHJJRJanIYGHzF/wdYoPEett6mgt4Mf4ld+AktGXpqNV root@ubuntu-xenial
ssh-rsa AAAAB3NzaC1yc2EAAAADAQABAAABAQDS6Ae1ejMHD3orSFjVtYNmEqlr3tEc/tBbY0fpALtWxOcnw7ILA6+rxj6V9vcptS9Wc7ddecglzDclNoKiY2wl/VpjaOqzOeuhtDSFcPUOFYF6zgt5hnrWjlfQoLmGPeBW0rE/AN6TOVqmENgCpHOdd2CHWSj9o4itZGRyIsS9Byl/he1KGG5j5HxmGN6lMYJKolNGx/PEA8wp2aLfqnVU0ZscM3b4aetL15j7xM94AeT5vDv7YoAEjXWehK7QT/IP0B0PGdwbp9ZLKq0Mjf0bvgS8v6qRNSmpKysd3CvMzzL668VkrAuU8z6Y+aiadtlxy4m1on+GCuJH7F4SQw8x root@ubuntu-xenial
-----END SSH HOST KEY KEYS-----
[   24.814561] cloud-init[1351]: Cloud-init v. 17.1 running 'modules:final' at Mon, 15 Jan 2018 06:35:49 +0000. Up 24.43 seconds.
[   24.821408] cloud-init[1351]: ci-info: no authorized ssh keys fingerprints found for user ubuntu.
[   24.822991] cloud-init[1351]: Cloud-init v. 17.1 finished at Mon, 15 Jan 2018 06:35:50 +0000. Datasource DataSourceNoCloud [seed=/dev/sdb][dsmode=net].  Up 24.80 seconds
[[0;32m  OK  [0m] Started Execute cloud user/final scripts.
[[0;32m  OK  [0m] Reached target Cloud-init target.

Ubuntu 16.04.3 LTS ubuntu-xenial ttyS0

ubuntu-xenial login: [95284.053555] Out of memory: Kill process 10834 (java) score 396 or sacrifice child
[95284.637702] Killed process 10834 (java) total-vm:3218796kB, anon-rss:810220kB, file-rss:0kB
[99162.499204] Out of memory: Kill process 27984 (java) score 290 or sacrifice child
[99163.222938] Killed process 27984 (java) total-vm:3159848kB, anon-rss:593092kB, file-rss:0kB
